/home/jie/squeakr/data/SRR1106199_1.fastq
/home/jie/squeakr/data/SRR1106199_2.fastq
/home/jie/squeakr/data/SRR1186053_1.fastq
/home/jie/squeakr/data/SRR1186053_2.fastq
/home/jie/squeakr/data/SRR387777.fastq
/home/jie/squeakr/data/SRR387779.fastq
/home/jie/squeakr/data/SRR393766_1.fastq
/home/jie/squeakr/data/SRR393766_2.fastq
/home/jie/squeakr/data/SRR403010.fastq
/home/jie/squeakr/data/SRR403012.fastq
/home/jie/squeakr/data/SRR403013.fastq
/home/jie/squeakr/data/SRR403014.fastq
/home/jie/squeakr/data/SRR403016.fastq
/home/jie/squeakr/data/SRR403017.fastq
/home/jie/squeakr/data/SRR403018.fastq
/home/jie/squeakr/data/SRR403019.fastq
/home/jie/squeakr/data/SRR567010.fastq
/home/jie/squeakr/data/SRR805725.fastq
/home/jie/squeakr/data/SRR805726.fastq
/home/jie/squeakr/data/SRR805727.fastq
/home/jie/squeakr/data/SRR805728.fastq
/home/jie/squeakr/data/SRR805729.fastq
/home/jie/squeakr/data/SRR805782.fastq
/home/jie/squeakr/data/SRR827474_1.fastq
/home/jie/squeakr/data/SRR827474_2.fastq
/home/jie/squeakr/data/SRR837450.fastq
/home/jie/squeakr/data/SRR837451.fastq
/home/jie/squeakr/data/SRR837453.fastq
/home/jie/squeakr/data/SRR837454.fastq
/home/jie/squeakr/data/SRR837455.fastq
/home/jie/squeakr/data/SRR837456.fastq
/home/jie/squeakr/data/SRR837457.fastq
/home/jie/squeakr/data/SRR837458.fastq
/home/jie/squeakr/data/SRR837459.fastq